site capacity gate remains closed or lacks a hash-bound reviewed budget in namespace lidersea-com
site capacity gate remains closed or lacks a hash-bound reviewed budget in namespace lidersea-com
site capacity gate remains closed or lacks a hash-bound reviewed budget in namespace lidersea-com
site capacity gate remains closed or lacks a hash-bound reviewed budget in namespace naranjo-online
site capacity gate remains closed or lacks a hash-bound reviewed budget in namespace naranjo-online
site capacity gate remains closed or lacks a hash-bound reviewed budget in namespace naranjo-online
