ResourceQuota lidersea-com/namespace-budget must be either the exact zero-Pod gate or a hash-bound reviewed namespace budget
ResourceQuota lidersea-com/namespace-budget must be either the exact zero-Pod gate or a hash-bound reviewed namespace budget
ResourceQuota lidersea-com/namespace-budget must be either the exact zero-Pod gate or a hash-bound reviewed namespace budget
ResourceQuota naranjo-online/namespace-budget must be either the exact zero-Pod gate or a hash-bound reviewed namespace budget
ResourceQuota naranjo-online/namespace-budget must be either the exact zero-Pod gate or a hash-bound reviewed namespace budget
ResourceQuota naranjo-online/namespace-budget must be either the exact zero-Pod gate or a hash-bound reviewed namespace budget
